[backblue.gif]
[fade.gif]
[index.html]
[external.html]
[test-aria.fsi.local_8080/aria_examples/TestNotes/CodeTalksCheckbox1.txt]
[test-aria.fsi.local_8080/aria_examples/TestNotes/CodeTalksCheckbox2.txt]
[test-aria.fsi.local_8080/aria_examples/TestNotes/CodeTalksTriStateCheckbox.txt]
[test-aria.fsi.local_8080/aria_examples/TestNotes/CodeTalksEditCombo.txt]
[test-aria.fsi.local_8080/aria_examples/testnotes/DojoMailExample.txt]
[test-aria.fsi.local_8080/aria_examples/TestNotes/CodetalksDatePicker.txt]
[test-aria.fsi.local_8080/aria_examples/TestNotes/CodetalksGrid1.txt]
[test-aria.fsi.local_8080/aria_examples/TestNotes/CodetalksGrid2.txt]
[test-aria.fsi.local_8080/aria_examples/TestNotes/CodeTalksGroup.txt]
[test-aria.fsi.local_8080/aria_examples/TestNotes/CodeTalksLink.txt]
[test-aria.fsi.local_8080/aria_examples/testNotes/codetalksProgressbar.txt]
[test-aria.fsi.local_8080/aria_examples/TestNotes/CodeTalksTabList1.txt]
[test-aria.fsi.local_8080/aria_examples/testnotes/dojoCastle.txt]
[test-aria.fsi.local_8080/aria_examples/testNotes/CodeTalksToolbar1.txt]
[test-aria.fsi.local_8080/aria_examples/testNotes/CodeTalksToolbar2.txt]
[test-aria.fsi.local_8080/aria_examples/testnotes/CodeTalksTooltip.txt]
[test-aria.fsi.local_8080/aria_examples/testnotes/DojoDemail.txt]
[test-aria.fsi.local_8080/aria_examples/testNotes/codeTalksLandmarks.txt]
[test-aria.fsi.local_8080/aria_examples/TestNotes/AuthoringPracticesAlert.txt]
[test-aria.fsi.local_8080/aria_examples/TestNotes/CodeTalksAlert.txt]
[test-aria.fsi.local_8080/aria_examples/testnotes/CodeTalksFormValidation.txt]
[test-aria.fsi.local_8080/aria_examples/testnotes/CodeTalksLiveAssertive.txt]
[test-aria.fsi.local_8080/aria_examples/testnotes/CodeTalksLiveWithLabel.txt]
[test-aria.fsi.local_8080/aria_examples/testnotes/CodeTalksMultipleLiveRegions.txt]
[test-aria.fsi.local_8080/aria_examples/testnotes/liveTable.txt]
[test-aria.fsi.local_8080/aria_examples/testnotes/CodeTalksControls.txt]
[test-aria.fsi.local_8080/aria_examples/testnotes/CodeTalksDescribedBy.txt]
[test-aria.fsi.local_8080/aria_examples/testnotes/CodeTalksDescribedByDisplayNone.txt]
[test-aria.fsi.local_8080/aria_examples/testnotes/CodeTalksDescribedByHidden.txt]
[test-aria.fsi.local_8080/aria_examples/testnotes/CodeTalksImageDescribedBy.txt]
[test-aria.fsi.local_8080/aria_examples/testnotes/CodeTalksLabelledBy.txt]
[test-aria.fsi.local_8080/aria_examples/index.html]
[test-aria.fsi.local_8080/aria_examples/yui_2.9.0/build/yahoo-dom-event/yahoo-dom-event.js]
[test-aria.fsi.local_8080/aria_examples/yui_2.9.0/build/dragdrop/dragdrop-min.js]
[test-aria.fsi.local_8080/aria_examples/yui_2.9.0/build/container/container-min.js]
[yui.yahooapis.com/2.5.2/build/assets/skins/sam/sprite.png]
[test-aria.fsi.local_8080/aria_examples/yui_2.9.0/examples/container/assets/containerariaplugin.js]
[test-aria.fsi.local_8080/aria_examples/yui_2.9.0/examples/container/container-ariaplugin_clean.html]
[test-aria.fsi.local_8080/aria_examples/misc/applicationModeTest.html]
[test-aria.fsi.local_8080/aria_examples/CodeTalks/widgets/button/button.html]
[test-aria.fsi.local_8080/aria_examples/yui_2.9.0/build/element/element-min.js]
[test-aria.fsi.local_8080/aria_examples/yui_2.9.0/build/button/button-min.js]
[test-aria.fsi.local_8080/aria_examples/yui_2.9.0/examples/button/assets/add.gif]
[test-aria.fsi.local_8080/aria_examples/yui_2.9.0/examples/button/btn_example01_clean.html]
[test-aria.fsi.local_8080/aria_examples/codetalks/widgets/checkbox/images/checked.gif]
[test-aria.fsi.local_8080/aria_examples/codetalks/widgets/checkbox/images/unchecked.gif]
[test-aria.fsi.local_8080/aria_examples/codetalks/widgets/checkbox/checked.gif]
[test-aria.fsi.local_8080/aria_examples/codetalks/widgets/checkbox/checkbox.html]
[test-aria.fsi.local_8080/aria_examples/codetalks/widgets/checkbox/checkbox2.html]
[test-aria.fsi.local_8080/aria_examples/codetalks/widgets/checkbox/checkbox-tristate.html]
[test-aria.fsi.local_8080/aria_examples/codetalks/widgets/combobox/combo-editable.html]
[test-aria.fsi.local_8080/aria_examples/dojo-1.5.0/dojo/dojo.js]
[test-aria.fsi.local_8080/aria_examples/dojo-1.5.0/demos/mail/src.js]
[test-aria.fsi.local_8080/aria_examples/dojo-1.5.0/demos/mail/mail.json]
[test-aria.fsi.local_8080/aria_examples/dojo-1.5.0/demos/mail/demo.html]
[test-aria.fsi.local_8080/aria_examples/codetalks/widgets/DatePicker/datepicker.sample.html]
[test-aria.fsi.local_8080/aria_examples/codetalks/widgets/grid/grid.html]
[test-aria.fsi.local_8080/aria_examples/codetalks/widgets/grid/grid.sample.html]
[test-aria.fsi.local_8080/aria_examples/jquery/src/group_issue.html]
[test-aria.fsi.local_8080/aria_examples/misc/heading.html]
[test-aria.fsi.local_8080/aria_examples/codetalks/widgets/link/link.html]
[test-aria.fsi.local_8080/aria_examples/codetalks/widgets/link/link.sample.html]
[test-aria.fsi.local_8080/aria_examples/codetalks/enhanced-html-forms/list.html]
[test-aria.fsi.local_8080/aria_examples/codetalks/widgets/listbox/listbox.html]
[test-aria.fsi.local_8080/aria_examples/misc/math.html]
[test-aria.fsi.local_8080/aria_examples/yui_2.9.0/build/container/container_core.js]
[test-aria.fsi.local_8080/aria_examples/yui_2.9.0/build/menu/menu.js]
[test-aria.fsi.local_8080/aria_examples/yui_2.9.0/examples/menu/assets/menuariaplugin.js]
[test-aria.fsi.local_8080/aria_examples/yui_2.9.0/examples/menu/menuwaiaria_source.html]
[test-aria.fsi.local_8080/aria_examples/jquery/src/aegisdemo/index.html]
[www.oaa-accessibility.org/media/css/openajax-example-print.css]
[www.oaa-accessibility.org/media/css/openajax-example-screen.css]
[www.oaa-accessibility.org/media/examples/images/dot.png]
[www.oaa-accessibility.org/media/examples/images/dot-selected.png]
[test-aria.fsi.local_8080/aria_examples/misc/ARIAMenu/menu.html]
[test-aria.fsi.local_8080/aria_examples/dojo-2010-11-19/dojo/dojo.js]
[www.oaa-accessibility.org/media/examples/js/jquery-1.4.2.min.js]
[test-aria.fsi.local_8080/aria_examples/dojo-2010-11-19/dijit/tests/_testCommon.js]
[test-aria.fsi.local_8080/aria_examples/dojo-2010-11-19/dijit/tests/test_Menu.html]
[test-aria.fsi.local_8080/aria_examples/misc/presentation table - multiple rows.html]
[test-aria.fsi.local_8080/aria_examples/misc/presentation nested table.html]
[test-aria.fsi.local_8080/aria_examples/misc/presentation list.html]
[test-aria.fsi.local_8080/aria_examples/codetalks/widgets/progressbar/progressbar-with-assertive.html]
[test-aria.fsi.local_8080/aria_examples/codetalks/widgets/radio/images/unchecked.gif]
[test-aria.fsi.local_8080/aria_examples/codetalks/widgets/radio/radio1.html]
[test-aria.fsi.local_8080/aria_examples/codetalks/widgets/slider/simple-slider.html]
[test-aria.fsi.local_8080/aria_examples/codetalks/widgets/slider/pretty-slider-background-images.html]
[test-aria.fsi.local_8080/aria_examples/codetalks/widgets/slider/images/slider2a.gif]
[test-aria.fsi.local_8080/aria_examples/codetalks/widgets/slider/pretty-slider-dual-inline-img.html]
[test-aria.fsi.local_8080/aria_examples/jquery/src/tpg/tpglib/JS/Utilities.js]
[test-aria.fsi.local_8080/aria_examples/jquery/src/tpg/tpglib/JS/Controls/Slider/Slider.js]
[test-aria.fsi.local_8080/aria_examples/jquery/src/tpg/Samples/aria/slider/index.html]
[test-aria.fsi.local_8080/aria_examples/jquery/src/TPG/tpglib/JS/Utilities-2.js]
[test-aria.fsi.local_8080/aria_examples/jquery/src/TPG/tpglib/JS/Controls/Slider/Slider-2.js]
[test-aria.fsi.local_8080/aria_examples/jquery/src/TPG/Samples/aria/slider/doubleslider.html]
[test-aria.fsi.local_8080/aria_examples/slider/slider_h.png]
[test-aria.fsi.local_8080/aria_examples/slider/slider_v.png]
[test-aria.fsi.local_8080/aria_examples/slider/slider.html]
[test-aria.fsi.local_8080/aria_examples/slider/js/slider.js]
[test-aria.fsi.local_8080/aria_examples/slider/slider1.html]
[test-aria.fsi.local_8080/aria_examples/dojo-2010-11-19/dijit/tests/form/test_Spinner.html]
[test-aria.fsi.local_8080/aria_examples/codetalks/widgets/tabpanel/tablist.sample.html]
[test-aria.fsi.local_8080/aria_examples/codetalks/widgets/tabpanel/tabpanel1.html]
[test-aria.fsi.local_8080/aria_examples/dojo-1.5.0/demos/castle/src.js]
[test-aria.fsi.local_8080/aria_examples/dojo-1.5.0/demos/castle/images/deinelakaien.png]
[test-aria.fsi.local_8080/aria_examples/dojo-1.5.0/demos/castle/images/redmprez.png]
[test-aria.fsi.local_8080/aria_examples/dojo-1.5.0/demos/castle/images/nightspirit.png]
[test-aria.fsi.local_8080/aria_examples/dojo-1.5.0/demos/castle/images/sieben.png]
[test-aria.fsi.local_8080/aria_examples/dojo-1.5.0/demos/castle/images/genesis.png]
[test-aria.fsi.local_8080/aria_examples/dojo-1.5.0/demos/castle/images/clicks.png]
[test-aria.fsi.local_8080/aria_examples/dojo-1.5.0/demos/castle/images/thy.png]
[test-aria.fsi.local_8080/aria_examples/dojo-1.5.0/demos/castle/images/colony5.png]
[test-aria.fsi.local_8080/aria_examples/dojo-1.5.0/demos/castle/images/cinema.png]
[test-aria.fsi.local_8080/aria_examples/dojo-1.5.0/demos/castle/images/13.png]
[test-aria.fsi.local_8080/aria_examples/dojo-1.5.0/demos/castle/images/made.png]
[test-aria.fsi.local_8080/aria_examples/dojo-1.5.0/demos/castle/images/closterkeller.png]
[test-aria.fsi.local_8080/aria_examples/dojo-1.5.0/demos/castle/images/pati.png]
[test-aria.fsi.local_8080/aria_examples/dojo-1.5.0/demos/castle/images/soon.png]
[test-aria.fsi.local_8080/aria_examples/dojo-1.5.0/demos/castle/demo.html]
[test-aria.fsi.local_8080/aria_examples/yui_2.9.0/build/connection/connection-min.js]
[test-aria.fsi.local_8080/aria_examples/yui_2.9.0/build/tabview/tabview-min.js]
[test-aria.fsi.local_8080/aria_examples/yui_2.9.0/examples/tabview/assets/tabviewariaplugin.js]
[test-aria.fsi.local_8080/aria_examples/yui_2.9.0/examples/tabview/tabview-ariaplugin_clean.html]
[test-aria.fsi.local_8080/aria_examples/codetalks/widgets/toolbar/axs.js]
[test-aria.fsi.local_8080/aria_examples/codetalks/widgets/toolbar/img/p1.jpg]
[test-aria.fsi.local_8080/aria_examples/codetalks/widgets/toolbar/img/p2.jpg]
[test-aria.fsi.local_8080/aria_examples/codetalks/widgets/toolbar/img/p3.jpg]
[test-aria.fsi.local_8080/aria_examples/codetalks/widgets/toolbar/img/p4.jpg]
[test-aria.fsi.local_8080/aria_examples/codetalks/widgets/toolbar/img/p5.jpg]
[test-aria.fsi.local_8080/aria_examples/codetalks/widgets/toolbar/ToolbarTabIndex.html]
[test-aria.fsi.local_8080/aria_examples/codetalks/widgets/toolbar/img/btn1.gif]
[test-aria.fsi.local_8080/aria_examples/codetalks/widgets/toolbar/img/btn2.gif]
[test-aria.fsi.local_8080/aria_examples/codetalks/widgets/toolbar/img/btn3.gif]
[test-aria.fsi.local_8080/aria_examples/codetalks/widgets/toolbar/ToolbarImageTest.html]
[test-aria.fsi.local_8080/aria_examples/codetalks/widgets/toolbar/script/toolbarKeyCap.js]
[test-aria.fsi.local_8080/aria_examples/codetalks/widgets/toolbar/ToolbarImageTestWithAXS.html]
[test-aria.fsi.local_8080/aria_examples/codetalks/widgets/toolbar/ToolbarActiveDescendant.html]
[test-aria.fsi.local_8080/aria_examples/codetalks/widgets/tooltip/tooltip.html]
[test-aria.fsi.local_8080/aria_examples/codetalks/widgets/tree/minus.gif]
[test-aria.fsi.local_8080/aria_examples/codetalks/widgets/tree/tree.html]
[test-aria.fsi.local_8080/aria_examples/dojo-1.5.0/demos/demail/src.js]
[test-aria.fsi.local_8080/aria_examples/dojo-1.5.0/demos/demail/demo.html]
[test-aria.fsi.local_8080/aria_examples/jquery/src/TPG/tpglib/JS/jquery-1.4.1.js]
[test-aria.fsi.local_8080/aria_examples/jquery/src/TPG/tpglib/JS/utilities-3.js]
[test-aria.fsi.local_8080/aria_examples/jquery/src/TPG/tpglib/JS/Controls/Tree/Tree.js]
[test-aria.fsi.local_8080/aria_examples/jquery/src/TPG/tpglib/JS/Controls/Tree/images/collapsed_first.png]
[test-aria.fsi.local_8080/aria_examples/jquery/src/TPG/tpglib/JS/Controls/Tree/images/collapsed_mid.png]
[test-aria.fsi.local_8080/aria_examples/jquery/src/TPG/tpglib/JS/Controls/Tree/images/collapsed_last.png]
[test-aria.fsi.local_8080/aria_examples/jquery/src/TPG/Samples/aria/tree/index.html]
[test-aria.fsi.local_8080/aria_examples/codetalks/widgets/treegrid/treegrid.sample2.html]
[test-aria.fsi.local_8080/aria_examples/codetalks/widgets/treegrid/treegrid.no.app.html]
[test-aria.fsi.local_8080/aria_examples/codetalks/landmarks/test-all-minimal.html]
[test-aria.fsi.local_8080/aria_examples/misc/dynamicContent1.html]
[test-aria.fsi.local_8080/aria_examples/misc/aria-live-polite.html]
[ajax.googleapis.com/ajax/libs/jquery/1.11.0/jquery.min.js]
[test-aria.fsi.local_8080/aria_examples/misc/alert with list item.html]
[test-aria.fsi.local_8080/aria_examples/CodeTalks/widgets/alert/alert.html]
[test-aria.fsi.local_8080/aria_examples/codetalks/enhanced-html-forms/client-form-validation-invalid-and-alert.html]
[test-aria.fsi.local_8080/aria_examples/codetalks/live/chat_bots.js]
[test-aria.fsi.local_8080/aria_examples/codetalks/live/chat_statusFunctions.js]
[code.jquery.com/jquery.min.js]
[test-aria.fsi.local_8080/aria_examples/codetalks/live/chat_chatFunctions.js]
[test-aria.fsi.local_8080/aria_examples/codetalks/live/chat_validators.js]
[test-aria.fsi.local_8080/aria_examples/codetalks/live/chat_userlistFunctions.js]
[test-aria.fsi.local_8080/aria_examples/codetalks/live/chat.html]
[test-aria.fsi.local_8080/aria_examples/codetalks/live/chat_notes.html]
[test-aria.fsi.local_8080/aria_examples/misc/MenuButtons/MenuButton1.0/app.js]
[test-aria.fsi.local_8080/aria_examples/misc/MenuButtons/MenuButton1.0/index.html]
[test-aria.fsi.local_8080/aria_examples/misc/MenuButtons/MenuButton1.1/app.js]
[test-aria.fsi.local_8080/aria_examples/misc/MenuButtons/MenuButton1.1/index.html]
[test-aria.fsi.local_8080/aria_examples/codetalks/enhanced-html-forms/label.html]
[test-aria.fsi.local_8080/aria_examples/misc/aria-multiline.html]
[test-aria.fsi.local_8080/aria_examples/codetalks/enhanced-html-forms/required.html]
[test-aria.fsi.local_8080/aria_examples/codetalks/live/atomic_true.html]
[test-aria.fsi.local_8080/aria_examples/misc/aria-busy-simple.html]
[test-aria.fsi.local_8080/aria_examples/codetalks/live/live_assertive.html]
[test-aria.fsi.local_8080/aria_examples/codetalks/live/labelledby.html]
[test-aria.fsi.local_8080/aria_examples/codetalks/live/live_multiple-regions.html]
[test-aria.fsi.local_8080/aria_examples/codetalks/live/live_nested-regions.html]
[test-aria.fsi.local_8080/aria_examples/codetalks/live/live_off.html]
[test-aria.fsi.local_8080/aria_examples/codetalks/live/live_polite.html]
[test-aria.fsi.local_8080/aria_examples/misc/liveTable.html]
[test-aria.fsi.local_8080/aria_examples/codetalks/live/relevant_removals.html]
[test-aria.fsi.local_8080/aria_examples/misc/DragAndDrop/draganddrop.js]
[www.oaa-accessibility.org/media/examples/images/game-piece-ex.png]
[www.oaa-accessibility.org/media/examples/images/game-piece-oh.png]
[test-aria.fsi.local_8080/aria_examples/misc/DragAndDrop/dragdrop.html]
[test-aria.fsi.local_8080/aria_examples/misc/DragAndDrop/dnd/dragdrop.js]
[test-aria.fsi.local_8080/aria_examples/misc/DragAndDrop/dnd/example.html]
[test-aria.fsi.local_8080/aria_examples/codetalks/live/controls.html]
[test-aria.fsi.local_8080/aria_examples/codetalks/enhanced-html-forms/describedby.html]
[test-aria.fsi.local_8080/aria_examples/codetalks/enhanced-html-forms/describedby-display-none.html]
[test-aria.fsi.local_8080/aria_examples/codetalks/enhanced-html-forms/describedby-hidden.html]
[test-aria.fsi.local_8080/aria_examples/codetalks/enhanced-html-forms/piechart.gif]
[test-aria.fsi.local_8080/aria_examples/codetalks/enhanced-html-forms/img-description.html]
[test-aria.fsi.local_8080/aria_examples/misc/ARIA-FlowTo.html]
[test-aria.fsi.local_8080/aria_examples/codetalks/enhanced-html-forms/labelledby.html]
[code.jquery.com/jquery-2.2.3.js]
[test-aria.fsi.local_8080/aria_examples/dojo-1.5.0/demos/form/src.js]
[test-aria.fsi.local_8080/aria_examples/dojo-1.5.0/demos/form/states.json]
[test-aria.fsi.local_8080/aria_examples/dojo-1.5.0/demos/form/demo.html]
[test-aria.fsi.local_8080/aria_examples/testnotes/DojoFormWidgets.txt]
[api.whatsock.com/a3661.js]
[test-aria.fsi.local_8080/aria_examples/whatsock.com/auto_suggestion_search_field_module/js/setup.js]
[test-aria.fsi.local_8080/aria_examples/whatsock.com/auto_suggestion_search_field_module/demo.html]
[test-aria.fsi.local_8080/aria_examples/misc/status.html]
[ajax.googleapis.com/ajax/libs/jquery/1.4/jquery.min.js]
[test-aria.fsi.local_8080/aria_examples/aria 1.1/aria-current/js/jquery.ba-hashchange.min.js]
[test-aria.fsi.local_8080/aria_examples/aria 1.1/aria-current/js/dynamicpage.js]
[test-aria.fsi.local_8080/aria_examples/aria 1.1/aria-current/index.html]
[test-aria.fsi.local_8080/aria_examples/aria 1.1/aria-current/tab/tabpanel.html]
[test-aria.fsi.local_8080/aria_examples/yui_2.9.0/build/fonts/fonts-min.css]
[test-aria.fsi.local_8080/aria_examples/yui_2.9.0/build/assets/skins/sam/sprite.png]
[test-aria.fsi.local_8080/aria_examples/yui_2.9.0/build/container/assets/skins/sam/container.css]
[test-aria.fsi.local_8080/aria_examples/yui_2.9.0/build/button/assets/skins/sam/menu-button-arrow.png]
[test-aria.fsi.local_8080/aria_examples/yui_2.9.0/build/button/assets/skins/sam/split-button-arrow.png]
[test-aria.fsi.local_8080/aria_examples/yui_2.9.0/build/button/assets/skins/sam/split-button-arrow-focus.png]
[test-aria.fsi.local_8080/aria_examples/yui_2.9.0/build/button/assets/skins/sam/split-button-arrow-hover.png]
[test-aria.fsi.local_8080/aria_examples/yui_2.9.0/build/button/assets/skins/sam/split-button-arrow-active.png]
[test-aria.fsi.local_8080/aria_examples/yui_2.9.0/build/button/assets/skins/sam/menu-button-arrow-disabled.png]
[test-aria.fsi.local_8080/aria_examples/yui_2.9.0/build/button/assets/skins/sam/split-button-arrow-disabled.png]
[test-aria.fsi.local_8080/aria_examples/yui_2.9.0/build/button/assets/skins/sam/button.css]
[test-aria.fsi.local_8080/aria_examples/codetalks/widgets/checkbox/images/mixed.html]
[test-aria.fsi.local_8080/aria_examples/dojo-1.5.0/dijit/themes/soria/images/titleBar.png]
[test-aria.fsi.local_8080/aria_examples/dojo-1.5.0/dijit/themes/soria/images/spriteRoundedIconsSmall.png]
[test-aria.fsi.local_8080/aria_examples/dojo-1.5.0/demos/mail/icons.png]
[test-aria.fsi.local_8080/aria_examples/dojo-1.5.0/demos/mail/icons.gif]
[test-aria.fsi.local_8080/aria_examples/dojo-1.5.0/dojox/image/resources/images/loading.gif]
[test-aria.fsi.local_8080/aria_examples/dojo-1.5.0/demos/mail/demo.css]
[test-aria.fsi.local_8080/aria_examples/dojo-1.5.0/demos/mail/contacts.html]
[test-aria.fsi.local_8080/aria_examples/yui_2.9.0/build/reset/reset.css]
[test-aria.fsi.local_8080/aria_examples/yui_2.9.0/build/fonts/fonts.css]
[test-aria.fsi.local_8080/aria_examples/yui_2.9.0/build/menu/assets/skins/sam/menubaritem_submenuindicator.png]
[test-aria.fsi.local_8080/aria_examples/yui_2.9.0/build/menu/assets/skins/sam/menubaritem_submenuindicator_disabled.png]
[test-aria.fsi.local_8080/aria_examples/yui_2.9.0/build/menu/assets/skins/sam/menuitem_submenuindicator.png]
[test-aria.fsi.local_8080/aria_examples/yui_2.9.0/build/menu/assets/skins/sam/menuitem_checkbox.png]
[test-aria.fsi.local_8080/aria_examples/yui_2.9.0/build/menu/assets/skins/sam/menuitem_submenuindicator_disabled.png]
[test-aria.fsi.local_8080/aria_examples/yui_2.9.0/build/menu/assets/skins/sam/menuitem_checkbox_disabled.png]
[test-aria.fsi.local_8080/aria_examples/yui_2.9.0/build/menu/assets/skins/sam/menu.css]
[www.oaa-accessibility.org/media/css/openajax-example-print.css]
[www.oaa-accessibility.org/media/images/OpenAjaxAllianceBanner.jpg]
[www.oaa-accessibility.org/media/css/openajax-example-screen.css]
[test-aria.fsi.local_8080/aria_examples/dojo-2010-11-19/dojo/resources/dojo.css]
[test-aria.fsi.local_8080/aria_examples/dojo-2010-11-19/dijit/tests/images/testsBodyBg.gif]
[test-aria.fsi.local_8080/aria_examples/dojo-2010-11-19/dijit/tests/images/plus.gif]
[test-aria.fsi.local_8080/aria_examples/dojo-2010-11-19/dijit/tests/images/note.gif]
[test-aria.fsi.local_8080/aria_examples/dojo-2010-11-19/dijit/tests/images/flatScreen.gif]
[test-aria.fsi.local_8080/aria_examples/dojo-2010-11-19/dijit/tests/images/folderIcons.png]
[test-aria.fsi.local_8080/aria_examples/dojo-2010-11-19/dijit/tests/images/folderIcons.gif]
[test-aria.fsi.local_8080/aria_examples/dojo-2010-11-19/dijit/tests/css/dijitTests.css]
[test-aria.fsi.local_8080/aria_examples/dojo-2010-11-19/dijit/icons/images/commonIconsObjActEnabled.png]
[test-aria.fsi.local_8080/aria_examples/dojo-2010-11-19/dijit/icons/images/commonIconsObjActEnabled8bit.png]
[test-aria.fsi.local_8080/aria_examples/dojo-2010-11-19/dijit/icons/images/commonIconsObjActDisabled.png]
[test-aria.fsi.local_8080/aria_examples/dojo-2010-11-19/dijit/themes/claro/images/loadingAnimation.gif]
[test-aria.fsi.local_8080/aria_examples/dojo-2010-11-19/dijit/themes/claro/images/dnd.png]
[test-aria.fsi.local_8080/aria_examples/dojo-2010-11-19/dijit/themes/claro/form/images/error.png]
[test-aria.fsi.local_8080/aria_examples/dojo-2010-11-19/dijit/themes/claro/form/images/textBox_back.png]
[test-aria.fsi.local_8080/aria_examples/dojo-2010-11-19/dijit/themes/claro/form/images/commonFormArrows.png]
[test-aria.fsi.local_8080/aria_examples/dojo-2010-11-19/dijit/themes/claro/form/images/formHighlight.png]
[test-aria.fsi.local_8080/aria_examples/dojo-2010-11-19/dijit/themes/claro/form/images/button.png]
[test-aria.fsi.local_8080/aria_examples/dojo-2010-11-19/dijit/themes/claro/form/images/buttonArrows.png]
[test-aria.fsi.local_8080/aria_examples/dojo-2010-11-19/dijit/themes/claro/images/checkmarkNoBorder.png]
[test-aria.fsi.local_8080/aria_examples/dojo-2010-11-19/dijit/themes/claro/images/checkmarkNoBorder.gif]
[test-aria.fsi.local_8080/aria_examples/dojo-2010-11-19/dijit/themes/claro/form/images/checkboxRadioButtonStates.png]
[test-aria.fsi.local_8080/aria_examples/dojo-2010-11-19/dijit/themes/claro/form/images/checkboxAndRadioButtons_IE6.png]
[test-aria.fsi.local_8080/aria_examples/dojo-2010-11-19/dijit/themes/claro/layout/images/tabClose.png]
[test-aria.fsi.local_8080/aria_examples/dojo-2010-11-19/dijit/themes/claro/layout/images/tabTop.png]
[test-aria.fsi.local_8080/aria_examples/dojo-2010-11-19/dijit/themes/claro/layout/images/tabBottom.png]
[test-aria.fsi.local_8080/aria_examples/dojo-2010-11-19/dijit/themes/claro/layout/images/tabLeft.png]
[test-aria.fsi.local_8080/aria_examples/dojo-2010-11-19/dijit/themes/claro/layout/images/tabRight.png]
[test-aria.fsi.local_8080/aria_examples/dojo-2010-11-19/dijit/themes/claro/layout/images/tabNested.png]
[test-aria.fsi.local_8080/aria_examples/dojo-2010-11-19/dijit/themes/claro/images/titlebar.png]
[test-aria.fsi.local_8080/aria_examples/dojo-2010-11-19/dijit/themes/claro/images/dialogCloseIcon.png]
[test-aria.fsi.local_8080/aria_examples/dojo-2010-11-19/dijit/themes/claro/images/dialogCloseIcon8bit.png]
[test-aria.fsi.local_8080/aria_examples/dojo-2010-11-19/dijit/themes/claro/images/tooltipGradient.png]
[test-aria.fsi.local_8080/aria_examples/dojo-2010-11-19/dijit/themes/claro/images/tooltip.png]
[test-aria.fsi.local_8080/aria_examples/dojo-2010-11-19/dijit/themes/claro/images/tooltip8bit.png]
[test-aria.fsi.local_8080/aria_examples/dojo-2010-11-19/dijit/themes/claro/layout/images/accordion.png]
[test-aria.fsi.local_8080/aria_examples/dojo-2010-11-19/dijit/themes/claro/images/calendarContainerImages.png]
[test-aria.fsi.local_8080/aria_examples/dojo-2010-11-19/dijit/themes/claro/images/calendarArrows.png]
[test-aria.fsi.local_8080/aria_examples/dojo-2010-11-19/dijit/themes/claro/images/calendarArrows8bit.png]
[test-aria.fsi.local_8080/aria_examples/dojo-2010-11-19/dijit/themes/claro/images/commonHighlight.png]
[test-aria.fsi.local_8080/aria_examples/dojo-2010-11-19/dijit/themes/claro/images/menuHighlight.png]
[test-aria.fsi.local_8080/aria_examples/dojo-2010-11-19/dijit/themes/claro/images/spriteArrows.png]
[test-aria.fsi.local_8080/aria_examples/dojo-2010-11-19/dijit/themes/claro/form/images/sliderHorizontal.png]
[test-aria.fsi.local_8080/aria_examples/dojo-2010-11-19/dijit/themes/claro/form/images/sliderVertical.png]
[test-aria.fsi.local_8080/aria_examples/dojo-2010-11-19/dijit/themes/claro/form/images/sliderThumbs.png]
[test-aria.fsi.local_8080/aria_examples/dojo-2010-11-19/dijit/themes/claro/images/progressBarEmpty.png]
[test-aria.fsi.local_8080/aria_examples/dojo-2010-11-19/dijit/themes/claro/images/progressBarFull.png]
[test-aria.fsi.local_8080/aria_examples/dojo-2010-11-19/dijit/themes/claro/images/progressBarAnim.gif]
[test-aria.fsi.local_8080/aria_examples/dojo-2010-11-19/dijit/themes/claro/layout/images/splitterHorizontalHover.png]
[test-aria.fsi.local_8080/aria_examples/dojo-2010-11-19/dijit/themes/claro/layout/images/splitterVerticalHover.png]
[test-aria.fsi.local_8080/aria_examples/dojo-2010-11-19/dijit/themes/claro/images/treeExpandImages.png]
[test-aria.fsi.local_8080/aria_examples/dojo-2010-11-19/dijit/themes/claro/images/treeExpandImages8bit.png]
[test-aria.fsi.local_8080/aria_examples/dojo-2010-11-19/dijit/icons/images/editorIconsEnabled.png]
[test-aria.fsi.local_8080/aria_examples/dojo-2010-11-19/dijit/icons/images/editorIconsDisabled.png]
[test-aria.fsi.local_8080/aria_examples/dojo-2010-11-19/dijit/icons/images/editorIconsEnabled_rtl.png]
[test-aria.fsi.local_8080/aria_examples/dojo-2010-11-19/dijit/icons/images/editorIconsDisabled_rtl.png]
[test-aria.fsi.local_8080/aria_examples/dojo-2010-11-19/dijit/icons/images/commonIconsObjActEnabled_rtl.png]
[test-aria.fsi.local_8080/aria_examples/dojo-2010-11-19/dijit/icons/images/commonIconsObjActEnabled8bit_rtl.png]
[test-aria.fsi.local_8080/aria_examples/dojo-2010-11-19/dijit/icons/images/commonIconsObjActDisabled_rtl.png]
[test-aria.fsi.local_8080/aria_examples/dojo-2010-11-19/dijit/icons/images/loadingAnimation_rtl.gif]
[test-aria.fsi.local_8080/aria_examples/dojo-2010-11-19/dijit/themes/claro/claro.css]
[test-aria.fsi.local_8080/aria_examples/dojo-2010-11-19/dijit/tests/images/arrowSmall.gif]
[test-aria.fsi.local_8080/aria_examples/dojo-2010-11-19/dijit/tests/images/tube.gif]
[test-aria.fsi.local_8080/aria_examples/dojo-2010-11-19/dijit/tests/images/tubeTall.gif]
[test-aria.fsi.local_8080/aria_examples/dojo-2010-11-19/dijit/tests/form/test_Button.html]
[test-aria.fsi.local_8080/aria_examples/codetalks/widgets/radio/images/checked.html]
[test-aria.fsi.local_8080/aria_examples/codetalks/widgets/slider/images/right.html]
[test-aria.fsi.local_8080/aria_examples/codetalks/widgets/slider/images/left.html]
[test-aria.fsi.local_8080/aria_examples/codetalks/widgets/slider/images/right_h.html]
[test-aria.fsi.local_8080/aria_examples/codetalks/widgets/slider/images/left_h.html]
[test-aria.fsi.local_8080/aria_examples/codetalks/widgets/slider/images/right_a.html]
[test-aria.fsi.local_8080/aria_examples/codetalks/widgets/slider/images/left_a.html]
[test-aria.fsi.local_8080/aria_examples/codetalks/widgets/slider/images/back.html]
[test-aria.fsi.local_8080/aria_examples/codetalks/widgets/slider/images/slider.html]
[test-aria.fsi.local_8080/aria_examples/codetalks/widgets/slider/images/slider_h.html]
[test-aria.fsi.local_8080/aria_examples/codetalks/widgets/slider/images/slider_a.html]
[test-aria.fsi.local_8080/aria_examples/codetalks/widgets/slider/images/slider2.html]
[test-aria.fsi.local_8080/aria_examples/jquery/src/tpg/tpglib/JS/Controls/Slider/css/Slider.css]
[test-aria.fsi.local_8080/aria_examples/jquery/src/tpg/Samples/aria/slider/css/sliderdemo.css]
[test-aria.fsi.local_8080/aria_examples/jquery/src/TPG/tpglib/JS/Controls/Slider/css/Slider-2.css]
[test-aria.fsi.local_8080/aria_examples/jquery/src/TPG/Samples/aria/slider/css/sliderdemo-2.css]
[test-aria.fsi.local_8080/aria_examples/css/table.html]
[test-aria.fsi.local_8080/aria_examples/slider/css/slider.css]
[test-aria.fsi.local_8080/aria_examples/dojo-2010-11-19/util/doh/robot/robot.css]
[test-aria.fsi.local_8080/aria_examples/dojo-1.5.0/demos/castle/images/main.png]
[test-aria.fsi.local_8080/aria_examples/dojo-1.5.0/demos/castle/images/25.png]
[test-aria.fsi.local_8080/aria_examples/dojo-1.5.0/demos/castle/images/26.png]
[test-aria.fsi.local_8080/aria_examples/dojo-1.5.0/demos/castle/images/27.png]
[test-aria.fsi.local_8080/aria_examples/dojo-1.5.0/demos/castle/images/25_over.png]
[test-aria.fsi.local_8080/aria_examples/dojo-1.5.0/demos/castle/images/26_over.png]
[test-aria.fsi.local_8080/aria_examples/dojo-1.5.0/demos/castle/images/27_over.png]
[test-aria.fsi.local_8080/aria_examples/dojo-1.5.0/demos/castle/demo.css]
[test-aria.fsi.local_8080/aria_examples/yui_2.9.0/build/tabview/assets/skins/sam/tabview.css]
[test-aria.fsi.local_8080/aria_examples/codetalks/widgets/toolbar/SettingsPage.html]
[test-aria.fsi.local_8080/aria_examples/codetalks/widgets/toolbar/CreatePage.html]
[test-aria.fsi.local_8080/aria_examples/codetalks/widgets/toolbar/PlayPage.html]
[test-aria.fsi.local_8080/aria_examples/codetalks/widgets/toolbar/LoginPage.html]
[test-aria.fsi.local_8080/aria_examples/codetalks/widgets/tree/plus.html]
[test-aria.fsi.local_8080/aria_examples/dojo-1.5.0/demos/demail/resources/arrow-closed.png]
[test-aria.fsi.local_8080/aria_examples/dojo-1.5.0/demos/demail/resources/arrow-open.png]
[test-aria.fsi.local_8080/aria_examples/dojo-1.5.0/demos/demail/demo.css]
[test-aria.fsi.local_8080/aria_examples/dojo-1.5.0/demos/demail/newTreeNode.html]
[test-aria.fsi.local_8080/aria_examples/dojo-1.5.0/demos/demail/newTree.html]
[test-aria.fsi.local_8080/aria_examples/jquery/src/TPG/tpglib/JS/Controls/Tree/images/vertical_line.png]
[test-aria.fsi.local_8080/aria_examples/jquery/src/TPG/tpglib/JS/Controls/Tree/images/mid_line_long.png]
[test-aria.fsi.local_8080/aria_examples/jquery/src/TPG/tpglib/JS/Controls/Tree/images/last_line_long.png]
[test-aria.fsi.local_8080/aria_examples/jquery/src/TPG/tpglib/JS/Controls/Tree/images/checked.gif]
[test-aria.fsi.local_8080/aria_examples/jquery/src/TPG/tpglib/JS/Controls/Tree/images/mixed.gif]
[test-aria.fsi.local_8080/aria_examples/jquery/src/TPG/tpglib/JS/Controls/Tree/images/unchecked.gif]
[test-aria.fsi.local_8080/aria_examples/jquery/src/TPG/tpglib/JS/Controls/Tree/images/file.png]
[test-aria.fsi.local_8080/aria_examples/jquery/src/TPG/tpglib/JS/Controls/Tree/images/folder.png]
[test-aria.fsi.local_8080/aria_examples/jquery/src/TPG/tpglib/JS/Controls/Tree/images/folder_open.png]
[test-aria.fsi.local_8080/aria_examples/jquery/src/TPG/tpglib/JS/Controls/Tree/css/tree.css]
[test-aria.fsi.local_8080/aria_examples/misc/MenuButtons/MenuButton1.0/app.css]
[test-aria.fsi.local_8080/aria_examples/misc/MenuButtons/MenuButton1.1/app.css]
[test-aria.fsi.local_8080/aria_examples/codetalks/enhanced-html-forms/broken.html]
[test-aria.fsi.local_8080/aria_examples/misc/DragAndDrop/dnd/basic.css]
[test-aria.fsi.local_8080/aria_examples/dojo-1.5.0/demos/form/demo.css]
[test-aria.fsi.local_8080/aria_examples/whatsock.com/auto_suggestion_search_field_module/css/global.css]
[test-aria.fsi.local_8080/aria_examples/aria 1.1/aria-current/css/style.css]
[test-aria.fsi.local_8080/aria_examples/aria 1.1/aria-current/about.html]
[test-aria.fsi.local_8080/aria_examples/aria 1.1/aria-current/contact.html]
[test-aria.fsi.local_8080/aria_examples/dojo-1.5.0/dojo/resources/dojo.css]
[test-aria.fsi.local_8080/aria_examples/dojo-1.5.0/dijit/icons/images/commonIconsObjActEnabled.png]
[test-aria.fsi.local_8080/aria_examples/dojo-1.5.0/dijit/icons/images/commonIconsObjActEnabled8bit.png]
[test-aria.fsi.local_8080/aria_examples/dojo-1.5.0/dijit/icons/images/commonIconsObjActDisabled.png]
[test-aria.fsi.local_8080/aria_examples/dojo-1.5.0/dijit/themes/soria/images/dndNoMove.png]
[test-aria.fsi.local_8080/aria_examples/dojo-1.5.0/dijit/themes/soria/images/dndNoCopy.png]
[test-aria.fsi.local_8080/aria_examples/dojo-1.5.0/dijit/themes/soria/images/dndMove.png]
[test-aria.fsi.local_8080/aria_examples/dojo-1.5.0/dijit/themes/soria/images/dndCopy.png]
[test-aria.fsi.local_8080/aria_examples/dojo-1.5.0/dijit/themes/soria/images/tabContainerSprite.gif]
[test-aria.fsi.local_8080/aria_examples/dojo-1.5.0/dijit/themes/soria/images/spriteRoundedIconsSmall.gif]
[test-aria.fsi.local_8080/aria_examples/dojo-1.5.0/dijit/themes/soria/images/tabBottomEnabledSpriteLR.gif]
[test-aria.fsi.local_8080/aria_examples/dojo-1.5.0/dijit/themes/soria/images/tabBottomEnabledC.gif]
[test-aria.fsi.local_8080/aria_examples/dojo-1.5.0/dijit/themes/soria/images/tabBottomHoverSpriteLR.gif]
[test-aria.fsi.local_8080/aria_examples/dojo-1.5.0/dijit/themes/soria/images/tabBottomHoverC.gif]
[test-aria.fsi.local_8080/aria_examples/dojo-1.5.0/dijit/themes/soria/images/tabBottomActiveSpriteLR.gif]
[test-aria.fsi.local_8080/aria_examples/dojo-1.5.0/dijit/themes/soria/images/tabBottomActiveC.gif]
[test-aria.fsi.local_8080/aria_examples/dojo-1.5.0/dijit/themes/soria/images/tabRightChecked.gif]
[test-aria.fsi.local_8080/aria_examples/dojo-1.5.0/dijit/themes/soria/images/tabLeftChecked.gif]
[test-aria.fsi.local_8080/aria_examples/dojo-1.5.0/dijit/themes/soria/images/accordionItemActive.png]
[test-aria.fsi.local_8080/aria_examples/dojo-1.5.0/dijit/themes/soria/images/spriteRoundedIconsSmallBl.gif]
[test-aria.fsi.local_8080/aria_examples/dojo-1.5.0/dijit/themes/soria/images/splitContainerSizerV.png]
[test-aria.fsi.local_8080/aria_examples/dojo-1.5.0/dijit/themes/soria/images/splitContainerSizerV-thumb.png]
[test-aria.fsi.local_8080/aria_examples/dojo-1.5.0/dijit/themes/soria/images/splitContainerSizerH.png]
[test-aria.fsi.local_8080/aria_examples/dojo-1.5.0/dijit/themes/soria/images/splitContainerSizerH-thumb.png]
[test-aria.fsi.local_8080/aria_examples/dojo-1.5.0/dijit/themes/soria/images/validationInputBg.png]
[test-aria.fsi.local_8080/aria_examples/dojo-1.5.0/dijit/themes/soria/images/validationInputBg.gif]
[test-aria.fsi.local_8080/aria_examples/dojo-1.5.0/dijit/themes/soria/images/warning.png]
[test-aria.fsi.local_8080/aria_examples/dojo-1.5.0/dijit/themes/soria/images/buttonEnabled.png]
[test-aria.fsi.local_8080/aria_examples/dojo-1.5.0/dijit/themes/soria/images/buttonDisabled.png]
[test-aria.fsi.local_8080/aria_examples/dojo-1.5.0/dijit/themes/soria/images/buttonHover.png]
[test-aria.fsi.local_8080/aria_examples/dojo-1.5.0/dijit/themes/soria/images/buttonActive.png]
[test-aria.fsi.local_8080/aria_examples/dojo-1.5.0/dijit/themes/soria/images/spriteArrows.png]
[test-aria.fsi.local_8080/aria_examples/dojo-1.5.0/dijit/themes/soria/images/spriteArrows.gif]
[test-aria.fsi.local_8080/aria_examples/dojo-1.5.0/dijit/themes/soria/images/spriteCheckbox.gif]
[test-aria.fsi.local_8080/aria_examples/dojo-1.5.0/dijit/themes/soria/images/spriteRadio.gif]
[test-aria.fsi.local_8080/aria_examples/dojo-1.5.0/dijit/themes/soria/images/sliderFull.png]
[test-aria.fsi.local_8080/aria_examples/dojo-1.5.0/dijit/themes/soria/images/sliderFullVertical.png]
[test-aria.fsi.local_8080/aria_examples/dojo-1.5.0/dijit/themes/soria/images/sliderFullFocus.png]
[test-aria.fsi.local_8080/aria_examples/dojo-1.5.0/dijit/themes/soria/images/sliderFullVerticalFocus.png]
[test-aria.fsi.local_8080/aria_examples/dojo-1.5.0/dijit/themes/soria/images/sliderEmptyVertical.png]
[test-aria.fsi.local_8080/aria_examples/dojo-1.5.0/dijit/themes/soria/images/sliderEmpty.png]
[test-aria.fsi.local_8080/aria_examples/dojo-1.5.0/dijit/themes/soria/images/preciseSliderThumb.png]
[test-aria.fsi.local_8080/aria_examples/dojo-1.5.0/dijit/themes/soria/images/preciseSliderThumbFocus.png]
[test-aria.fsi.local_8080/aria_examples/dojo-1.5.0/dijit/themes/soria/images/preciseSliderThumbFocus.gif]
[test-aria.fsi.local_8080/aria_examples/dojo-1.5.0/dijit/themes/soria/images/preciseSliderThumb.gif]
[test-aria.fsi.local_8080/aria_examples/dojo-1.5.0/dijit/themes/soria/images/sliderThumb.png]
[test-aria.fsi.local_8080/aria_examples/dojo-1.5.0/dijit/themes/soria/images/sliderThumb.gif]
[test-aria.fsi.local_8080/aria_examples/dojo-1.5.0/dijit/themes/soria/images/sliderThumbFocus.png]
[test-aria.fsi.local_8080/aria_examples/dojo-1.5.0/dijit/themes/soria/images/sliderThumbFocus.gif]
[test-aria.fsi.local_8080/aria_examples/dojo-1.5.0/dijit/themes/soria/images/treeI.gif]
[test-aria.fsi.local_8080/aria_examples/dojo-1.5.0/dijit/themes/soria/images/treeHover.png]
[test-aria.fsi.local_8080/aria_examples/dojo-1.5.0/dijit/themes/soria/images/treeI_half.gif]
[test-aria.fsi.local_8080/aria_examples/dojo-1.5.0/dijit/themes/soria/images/spriteTree.gif]
[test-aria.fsi.local_8080/aria_examples/dojo-1.5.0/dijit/themes/soria/images/treeExpand_loading.gif]
[test-aria.fsi.local_8080/aria_examples/dojo-1.5.0/dijit/themes/soria/images/spriteDivIcons.gif]
[test-aria.fsi.local_8080/aria_examples/dojo-1.5.0/dijit/themes/soria/images/progressBarEmpty.png]
[test-aria.fsi.local_8080/aria_examples/dojo-1.5.0/dijit/themes/soria/images/progressBarFull.png]
[test-aria.fsi.local_8080/aria_examples/dojo-1.5.0/dijit/themes/soria/images/progressBarAnim.gif]
[test-aria.fsi.local_8080/aria_examples/dojo-1.5.0/dijit/themes/soria/images/spriteRoundedIconsSmallBl.png]
[test-aria.fsi.local_8080/aria_examples/dojo-1.5.0/dijit/themes/soria/images/tooltipConnectorUp.png]
[test-aria.fsi.local_8080/aria_examples/dojo-1.5.0/dijit/themes/soria/images/tooltipConnectorUp.gif]
[test-aria.fsi.local_8080/aria_examples/dojo-1.5.0/dijit/themes/soria/images/tooltipConnectorDown.png]
[test-aria.fsi.local_8080/aria_examples/dojo-1.5.0/dijit/themes/soria/images/tooltipConnectorDown.gif]
[test-aria.fsi.local_8080/aria_examples/dojo-1.5.0/dijit/themes/soria/images/tooltipConnectorRight.png]
[test-aria.fsi.local_8080/aria_examples/dojo-1.5.0/dijit/themes/soria/images/tooltipConnectorRight.gif]
[test-aria.fsi.local_8080/aria_examples/dojo-1.5.0/dijit/themes/soria/images/tooltipConnectorLeft.png]
[test-aria.fsi.local_8080/aria_examples/dojo-1.5.0/dijit/themes/soria/images/tooltipConnectorLeft.gif]
[test-aria.fsi.local_8080/aria_examples/dojo-1.5.0/dijit/icons/images/editorIconsEnabled.png]
[test-aria.fsi.local_8080/aria_examples/dojo-1.5.0/dijit/icons/images/editorIconsDisabled.png]
[test-aria.fsi.local_8080/aria_examples/dojo-1.5.0/dijit/themes/soria/soria.css]
[test-aria.fsi.local_8080/aria_examples/dojo-1.5.0/dojox/grid/resources/images/grid_dx_gradient.gif]
[test-aria.fsi.local_8080/aria_examples/dojo-1.5.0/dojo/resources/images/dndNoMove.png]
[test-aria.fsi.local_8080/aria_examples/dojo-1.5.0/dojo/resources/images/dndNoCopy.png]
[test-aria.fsi.local_8080/aria_examples/dojo-1.5.0/dojo/resources/images/dndMove.png]
[test-aria.fsi.local_8080/aria_examples/dojo-1.5.0/dojo/resources/images/dndCopy.png]
[test-aria.fsi.local_8080/aria_examples/dojo-1.5.0/dojox/grid/resources/images/grid_sort_up.gif]
[test-aria.fsi.local_8080/aria_examples/dojo-1.5.0/dojox/grid/resources/images/grid_sort_down.gif]
[test-aria.fsi.local_8080/aria_examples/dojo-1.5.0/dojox/grid/resources/Grid.css]
[test-aria.fsi.local_8080/aria_examples/dojo-1.5.0/dijit/themes/soria/images/titleBarActive.png]
[test-aria.fsi.local_8080/aria_examples/dojo-1.5.0/dojox/grid/resources/soriaGrid.css]
[test-aria.fsi.local_8080/aria_examples/dojo-2010-11-19/dijit/themes/dijit.css]
[test-aria.fsi.local_8080/aria_examples/dojo-1.5.0/dijit/themes/tundra/images/dndNoMove.png]
[test-aria.fsi.local_8080/aria_examples/dojo-1.5.0/dijit/themes/tundra/images/dndNoCopy.png]
[test-aria.fsi.local_8080/aria_examples/dojo-1.5.0/dijit/themes/tundra/images/dndMove.png]
[test-aria.fsi.local_8080/aria_examples/dojo-1.5.0/dijit/themes/tundra/images/dndCopy.png]
[test-aria.fsi.local_8080/aria_examples/dojo-1.5.0/dijit/themes/tundra/images/loading.gif]
[test-aria.fsi.local_8080/aria_examples/dojo-1.5.0/dijit/themes/tundra/images/warning.png]
[test-aria.fsi.local_8080/aria_examples/dojo-1.5.0/dijit/themes/tundra/images/tabEnabled.png]
[test-aria.fsi.local_8080/aria_examples/dojo-1.5.0/dijit/themes/tundra/images/tabHover.gif]
[test-aria.fsi.local_8080/aria_examples/dojo-1.5.0/dijit/themes/tundra/images/tabClose.png]
[test-aria.fsi.local_8080/aria_examples/dojo-1.5.0/dijit/themes/tundra/images/tabClose.gif]
[test-aria.fsi.local_8080/aria_examples/dojo-1.5.0/dijit/themes/tundra/images/tabCloseHover.png]
[test-aria.fsi.local_8080/aria_examples/dojo-1.5.0/dijit/themes/tundra/images/tabCloseHover.gif]
[test-aria.fsi.local_8080/aria_examples/dojo-1.5.0/dijit/themes/tundra/images/spriteRoundedIconsSmall.png]
[test-aria.fsi.local_8080/aria_examples/dojo-1.5.0/dijit/themes/tundra/images/spriteRoundedIconsSmall.gif]
[test-aria.fsi.local_8080/aria_examples/dojo-1.5.0/dijit/themes/tundra/images/titleBar.png]
[test-aria.fsi.local_8080/aria_examples/dojo-1.5.0/dijit/themes/tundra/images/accordionItemHover.gif]
[test-aria.fsi.local_8080/aria_examples/dojo-1.5.0/dijit/themes/tundra/images/accordionItemActive.gif]
[test-aria.fsi.local_8080/aria_examples/dojo-1.5.0/dijit/themes/tundra/images/splitContainerSizerV.png]
[test-aria.fsi.local_8080/aria_examples/dojo-1.5.0/dijit/themes/tundra/images/splitContainerSizerV-thumb.png]
[test-aria.fsi.local_8080/aria_examples/dojo-1.5.0/dijit/themes/tundra/images/splitContainerSizerH.png]
[test-aria.fsi.local_8080/aria_examples/dojo-1.5.0/dijit/themes/tundra/images/splitContainerSizerH-thumb.png]
[test-aria.fsi.local_8080/aria_examples/dojo-1.5.0/dijit/themes/tundra/images/validationInputBg.png]
[test-aria.fsi.local_8080/aria_examples/dojo-1.5.0/dijit/themes/tundra/images/validationInputBg.gif]
[test-aria.fsi.local_8080/aria_examples/dojo-1.5.0/dijit/themes/tundra/images/buttonEnabled.png]
[test-aria.fsi.local_8080/aria_examples/dojo-1.5.0/dijit/themes/tundra/images/buttonDisabled.png]
[test-aria.fsi.local_8080/aria_examples/dojo-1.5.0/dijit/themes/tundra/images/buttonHover.png]
[test-aria.fsi.local_8080/aria_examples/dojo-1.5.0/dijit/themes/tundra/images/buttonActive.png]
[test-aria.fsi.local_8080/aria_examples/dojo-1.5.0/dijit/themes/tundra/images/spriteArrows.png]
[test-aria.fsi.local_8080/aria_examples/dojo-1.5.0/dijit/themes/tundra/images/spriteArrows.gif]
[test-aria.fsi.local_8080/aria_examples/dojo-1.5.0/dijit/themes/tundra/images/checkmarkNoBorder.png]
[test-aria.fsi.local_8080/aria_examples/dojo-1.5.0/dijit/themes/tundra/images/checkmarkNoBorder.gif]
[test-aria.fsi.local_8080/aria_examples/dojo-1.5.0/dijit/themes/tundra/images/checkmark.png]
[test-aria.fsi.local_8080/aria_examples/dojo-1.5.0/dijit/themes/tundra/images/checkmark.gif]
[test-aria.fsi.local_8080/aria_examples/dojo-1.5.0/dijit/themes/tundra/images/sliderFull.png]
[test-aria.fsi.local_8080/aria_examples/dojo-1.5.0/dijit/themes/tundra/images/sliderFullVertical.png]
[test-aria.fsi.local_8080/aria_examples/dojo-1.5.0/dijit/themes/tundra/images/sliderFullFocus.png]
[test-aria.fsi.local_8080/aria_examples/dojo-1.5.0/dijit/themes/tundra/images/sliderFullVerticalFocus.png]
[test-aria.fsi.local_8080/aria_examples/dojo-1.5.0/dijit/themes/tundra/images/sliderEmptyVertical.png]
[test-aria.fsi.local_8080/aria_examples/dojo-1.5.0/dijit/themes/tundra/images/sliderEmpty.png]
[test-aria.fsi.local_8080/aria_examples/dojo-1.5.0/dijit/themes/tundra/images/preciseSliderThumb.png]
[test-aria.fsi.local_8080/aria_examples/dojo-1.5.0/dijit/themes/tundra/images/preciseSliderThumbFocus.png]
[test-aria.fsi.local_8080/aria_examples/dojo-1.5.0/dijit/themes/tundra/images/preciseSliderThumbFocus.gif]
[test-aria.fsi.local_8080/aria_examples/dojo-1.5.0/dijit/themes/tundra/images/preciseSliderThumb.gif]
[test-aria.fsi.local_8080/aria_examples/dojo-1.5.0/dijit/themes/tundra/images/sliderThumb.png]
[test-aria.fsi.local_8080/aria_examples/dojo-1.5.0/dijit/themes/tundra/images/sliderThumbFocus.png]
[test-aria.fsi.local_8080/aria_examples/dojo-1.5.0/dijit/themes/tundra/images/sliderThumbFocus.gif]
[test-aria.fsi.local_8080/aria_examples/dojo-1.5.0/dijit/themes/tundra/images/i.gif]
[test-aria.fsi.local_8080/aria_examples/dojo-1.5.0/dijit/themes/tundra/images/i_half.gif]
[test-aria.fsi.local_8080/aria_examples/dojo-1.5.0/dijit/themes/tundra/images/treeHover.png]
[test-aria.fsi.local_8080/aria_examples/dojo-1.5.0/dijit/themes/tundra/images/treeExpand_minus.gif]
[test-aria.fsi.local_8080/aria_examples/dojo-1.5.0/dijit/themes/tundra/images/treeExpand_plus.gif]
[test-aria.fsi.local_8080/aria_examples/dojo-1.5.0/dijit/themes/tundra/images/treeExpand_leaf.gif]
[test-aria.fsi.local_8080/aria_examples/dojo-1.5.0/dijit/themes/tundra/images/treeExpand_loading.gif]
[test-aria.fsi.local_8080/aria_examples/dojo-1.5.0/dijit/themes/tundra/images/folderOpened.gif]
[test-aria.fsi.local_8080/aria_examples/dojo-1.5.0/dijit/themes/tundra/images/folderClosed.gif]
[test-aria.fsi.local_8080/aria_examples/dojo-1.5.0/dijit/themes/tundra/images/leaf.gif]
[test-aria.fsi.local_8080/aria_examples/dojo-1.5.0/dijit/themes/tundra/images/progressBarEmpty.png]
[test-aria.fsi.local_8080/aria_examples/dojo-1.5.0/dijit/themes/tundra/images/progressBarFull.png]
[test-aria.fsi.local_8080/aria_examples/dojo-1.5.0/dijit/themes/tundra/images/progressBarAnim.gif]
[test-aria.fsi.local_8080/aria_examples/dojo-1.5.0/dijit/themes/tundra/images/calendarDayLabel.png]
[test-aria.fsi.local_8080/aria_examples/dojo-1.5.0/dijit/themes/tundra/images/calendarYearLabel.png]
[test-aria.fsi.local_8080/aria_examples/dojo-1.5.0/dijit/themes/tundra/images/popupMenuBg.gif]
[test-aria.fsi.local_8080/aria_examples/dojo-1.5.0/dijit/themes/tundra/images/tooltipConnectorUp.png]
[test-aria.fsi.local_8080/aria_examples/dojo-1.5.0/dijit/themes/tundra/images/tooltipConnectorUp.gif]
[test-aria.fsi.local_8080/aria_examples/dojo-1.5.0/dijit/themes/tundra/images/tooltipConnectorDown.png]
[test-aria.fsi.local_8080/aria_examples/dojo-1.5.0/dijit/themes/tundra/images/tooltipConnectorDown.gif]
[test-aria.fsi.local_8080/aria_examples/dojo-1.5.0/dijit/themes/tundra/images/tooltipConnectorRight.png]
[test-aria.fsi.local_8080/aria_examples/dojo-1.5.0/dijit/themes/tundra/images/tooltipConnectorRight.gif]
[test-aria.fsi.local_8080/aria_examples/dojo-1.5.0/dijit/themes/tundra/images/tooltipConnectorLeft.png]
[test-aria.fsi.local_8080/aria_examples/dojo-1.5.0/dijit/themes/tundra/images/tooltipConnectorLeft.gif]
[test-aria.fsi.local_8080/aria_examples/dojo-1.5.0/dijit/icons/images/editorIconsEnabled_rtl.png]
[test-aria.fsi.local_8080/aria_examples/dojo-1.5.0/dijit/icons/images/editorIconsDisabled_rtl.png]
[test-aria.fsi.local_8080/aria_examples/dojo-1.5.0/dijit/themes/tundra/images/treeExpand_minus_rtl.gif]
[test-aria.fsi.local_8080/aria_examples/dojo-1.5.0/dijit/themes/tundra/images/treeExpand_plus_rtl.gif]
[test-aria.fsi.local_8080/aria_examples/dojo-1.5.0/dijit/themes/tundra/tundra.css]
[test-aria.fsi.local_8080/aria_examples/dojo-1.5.0/dojox/layout/resources/ScrollPane.css]
[test-aria.fsi.local_8080/aria_examples/dojo-1.5.0/dijit/themes/tundra/images/tabHover.png]
[test-aria.fsi.local_8080/aria_examples/dojo-1.5.0/dojox/grid/resources/images/tabEnabled_rotated.png]
[test-aria.fsi.local_8080/aria_examples/dojo-1.5.0/dojox/grid/resources/images/tabHover_rotated.png]
[test-aria.fsi.local_8080/aria_examples/dojo-1.5.0/dijit/themes/tundra/images/tabDisabled.png]
[test-aria.fsi.local_8080/aria_examples/dojo-1.5.0/dojox/grid/resources/tundraGrid.css]
[test-aria.fsi.local_8080/aria_examples/dojo-1.5.0/demos/demail/${_blankGif}.html]
[test-aria.fsi.local_8080/aria_examples/misc/MenuButtons/MenuButton1.0/assets/menu-button-arrow.html]
[test-aria.fsi.local_8080/aria_examples/misc/MenuButtons/MenuButton1.1/assets/menu-button-arrow.html]
[test-aria.fsi.local_8080/aria_examples/dojo-1.5.0/dijit/themes/tundra/tundra_rtl.css]
[test-aria.fsi.local_8080/aria_examples/dojo-1.5.0/dijit/tests/css/dijitTests.html]
[test-aria.fsi.local_8080/aria_examples/aria 1.1/footer.html]
